{"page":1,"page_size":109,"total_count":109,"models":[{"name":"admin-console-operator","version":"2.14.0-SNAPSHOT.4","displayName":"Epam Delivery Platform (EDP) Admin Console","category":{"name":"Provisioning","metadata":null},"metadata":{"svgColor":"ui/public/static/img/meshmodels/admin-console-operator/color/adminconsole-color.svg","svgWhite":"ui/public/static/img/meshmodels/admin-console-operator/white/adminconsole-white.svg"},"duplicates":0},{"name":"aks-appgw-fe","version":"1.0.0-rc1","displayName":"Azure Application Gateway ","category":{"name":"Cloud Native Network","metadata":null},"metadata":{"svgColor":"ui/public/static/img/meshmodels/aks-appgw-fe/color/azureassignedidentity-color.svg","svgWhite":"ui/public/static/img/meshmodels/aks-appgw-fe/white/azureassignedidentity-white.svg"},"duplicates":0},{"name":"ambassador","version":"6.9.5","displayName":"Ambassador","category":{"name":"Cloud Native Network","metadata":null},"metadata":{"svgColor":"ui/public/static/img/meshmodels/ambassador/color/authservice-color.svg","svgWhite":"ui/public/static/img/meshmodels/ambassador/white/authservice-white.svg"},"duplicates":0},{"name":"apache-shardingsphere-operator-charts","version":"0.2.0","displayName":"Apache Shardingsphere Operator Charts","category":{"name":"App Definition and Development","metadata":null},"metadata":{"svgColor":"ui/public/static/img/meshmodels/apache-shardingsphere-operator-charts/color/chaos-color.svg","svgWhite":"ui/public/static/img/meshmodels/apache-shardingsphere-operator-charts/white/chaos-white.svg"},"duplicates":0},{"name":"aperture-agent","version":"1.0.0","displayName":"Aperture Agent","category":{"name":"Orchestration \u0026 Management","metadata":null},"metadata":{"svgColor":"ui/public/static/img/meshmodels/aperture-agent/color/agent-color.svg","svgWhite":"ui/public/static/img/meshmodels/aperture-agent/white/agent-white.svg"},"duplicates":0},{"name":"aperture-controller","version":"1.0.0","displayName":"Aperture Controller","category":{"name":"Orchestration \u0026 Management","metadata":null},"metadata":{"svgColor":"ui/public/static/img/meshmodels/aperture-agent/color/agent-color.svg","svgWhite":"ui/public/static/img/meshmodels/aperture-agent/white/agent-white.svg"},"duplicates":0},{"name":"apisix-ingress-controller","version":"0.11.3","displayName":"APISIX Ingress Controller","category":{"name":"Cloud Native Network","metadata":null},"metadata":{"svgColor":"ui/public/static/img/meshmodels/apisix-ingress-controller/color/apisixclusterconfig-color.svg","svgWhite":""},"duplicates":0},{"name":"apisix-ingress-controller","version":"0.8.0","displayName":"APISIX Ingress Controller","category":{"name":"Cloud Native Network","metadata":null},"metadata":{"svgColor":"ui/public/static/img/meshmodels/apisix-ingress-controller/color/apisixclusterconfig-color.svg","svgWhite":""},"duplicates":0},{"name":"appmesh-controller","version":"1.11.0","displayName":"AWS App Mesh","category":{"name":"Cloud Native Network","metadata":null},"metadata":{"svgColor":"ui/public/static/img/meshmodels/appmesh-controller/color/backendgroup-color.svg","svgWhite":"ui/public/static/img/meshmodels/appmesh-controller/white/backendgroup-white.svg"},"duplicates":0},{"name":"argo-cd","version":"3.3.5","displayName":"Argo CD","category":{"name":"App Definition and Development","metadata":null},"metadata":{"svgColor":"ui/public/static/img/meshmodels/argo-cd/color/appproject-color.svg","svgWhite":"ui/public/static/img/meshmodels/argo-cd/white/appproject-white.svg"},"duplicates":0},{"name":"argo-cd","version":"4.5.1","displayName":"Argo CD","category":{"name":"App Definition and Development","metadata":null},"metadata":{"svgColor":"ui/public/static/img/meshmodels/argo-cd/color/appproject-color.svg","svgWhite":"ui/public/static/img/meshmodels/argo-cd/white/appproject-white.svg"},"duplicates":0},{"name":"argo-workflows","version":"5.1.12","displayName":"Argo Workflows","category":{"name":"App Definition and Development","metadata":null},"metadata":{"svgColor":"ui/public/static/img/meshmodels/argo-workflows/color/clusterworkflowtemplate-color.svg","svgWhite":"ui/public/static/img/meshmodels/argo-workflows/white/clusterworkflowtemplate-white.svg"},"duplicates":0},{"name":"argocd-operator","version":"0.4.1","displayName":"Argocd Operator","category":{"name":"App Definition and Development","metadata":null},"metadata":{"svgColor":"ui/public/static/img/meshmodels/argo-cd/color/appproject-color.svg","svgWhite":"ui/public/static/img/meshmodels/argo-cd/white/appproject-white.svg"},"duplicates":0},{"name":"aws-api-gateway-operator","version":"0.1.2","displayName":"AWS API Gateway Operator","category":{"name":"Cloud Native Network","metadata":null},"metadata":{"svgColor":"ui/public/static/img/meshmodels/aws-api-gateway-operator/color/awsapigateway-color.svg","svgWhite":"ui/public/static/img/meshmodels/aws-api-gateway-operator/white/awsapigateway-white.svg"},"duplicates":0},{"name":"aws-load-balancer-controller","version":"1.4.8","displayName":"AWS Load Balancer","category":{"name":"Cloud Native Network","metadata":null},"metadata":{"svgColor":"ui/public/static/img/meshmodels/aws-load-balancer-controller/color/ingressclassparams-color.svg","svgWhite":"ui/public/static/img/meshmodels/aws-load-balancer-controller/white/ingressclassparams-white.svg"},"duplicates":0},{"name":"aws-node-termination-handler-2","version":"0.2.0","displayName":"AWS Node Termination Handler 2","category":{"name":"Provisioning","metadata":null},"metadata":{"svgColor":"ui/public/static/img/meshmodels/aws-node-termination-handler-2/color/terminator-color.svg","svgWhite":"ui/public/static/img/meshmodels/aws-node-termination-handler-2/white/terminator-white.svg"},"duplicates":0},{"name":"aws-target-group-binding","version":"0.1.0","displayName":"AWS Target Group Binding","category":{"name":"Cloud Native Network","metadata":null},"metadata":{"svgColor":"ui/public/static/img/meshmodels/aws-node-termination-handler-2/color/terminator-color.svg","svgWhite":"ui/public/static/img/meshmodels/aws-load-balancer-controller/white/ingressclassparams-white.svg"},"duplicates":0},{"name":"aws-vpc-cni","version":"1.2.8","displayName":"AWS VPC CNI","category":{"name":"Cloud Native Network","metadata":null},"metadata":{"svgColor":"ui/public/static/img/meshmodels/aws-node-termination-handler-2/color/terminator-color.svg","svgWhite":"ui/public/static/img/meshmodels/aws-node-termination-handler-2/white/terminator-white.svg"},"duplicates":0},{"name":"camel-k","version":"0.13.0","displayName":"Camel K","category":{"name":"App Definition and Development","metadata":null},"metadata":{"svgColor":"ui/public/static/img/meshmodels/camel-k/color/build-color.svg","svgWhite":"ui/public/static/img/meshmodels/camel-k/white/build-white.svg"},"duplicates":0},{"name":"capsule-proxy","version":"0.4.3","displayName":"Capsule Proxy","category":{"name":"Provisioning","metadata":null},"metadata":{"svgColor":"ui/public/static/img/meshmodels/capsule-proxy/color/proxysetting-color.svg","svgWhite":"ui/public/static/img/meshmodels/capsule-proxy/white/proxysetting-white.svg"},"duplicates":0},{"name":"cd-pipeline-operator","version":"2.14.0-SNAPSHOT.32","displayName":"CD Pipeline Operator","category":{"name":"App Definition and Development","metadata":null},"metadata":{"svgColor":"ui/public/static/img/meshmodels/admin-console-operator/color/adminconsole-color.svg","svgWhite":"ui/public/static/img/meshmodels/admin-console-operator/white/adminconsole-white.svg"},"duplicates":0},{"name":"cert-manager-csi-driver-cacerts","version":"2022.6.14","displayName":"Cert Manager Csi Driver Cacerts","category":{"name":"Security \u0026 Compliance","metadata":null},"metadata":{"svgColor":"ui/public/static/img/meshmodels/cert-manager-csi-driver-cacerts/color/caproviderclass-color.svg","svgWhite":"ui/public/static/img/meshmodels/cert-manager-csi-driver-cacerts/white/caproviderclass-white.svg"},"duplicates":0},{"name":"chaos-mesh","version":"2.5.1","displayName":"Chaos Mesh","category":{"name":"Observability and Analysis","metadata":null},"metadata":{"svgColor":"ui/public/static/img/meshmodels/chaos-mesh/color/blockchaos-color.svg","svgWhite":"ui/public/static/img/meshmodels/chaos-mesh/white/blockchaos-white.svg"},"duplicates":0},{"name":"contour-operator","version":"4.0.2","displayName":"Contour","category":{"name":"Cloud Native Network","metadata":null},"metadata":{"svgColor":"ui/public/static/img/meshmodels/contour-operator/color/contour-color.svg","svgWhite":"ui/public/static/img/meshmodels/contour-operator/white/contour-white.svg"},"duplicates":0},{"name":"dapr","version":"1.10.4","displayName":"Dapr","category":{"name":"Serverless","metadata":null},"metadata":{"svgColor":"ui/public/static/img/meshmodels/dapr/color/component-color.svg","svgWhite":"ui/public/static/img/meshmodels/dapr/white/component-white.svg"},"duplicates":0},{"name":"elasticsearch-operator","version":"1.0.3","displayName":"elasticsearch-operator","category":{"name":"Observability and Analysis","metadata":null},"metadata":{"svgColor":"ui/public/static/img/meshmodels/elasticsearch-operator/color/apmserver-color.svg","svgWhite":"ui/public/static/img/meshmodels/elasticsearch-operator/white/apmserver-white.svg"},"duplicates":0},{"name":"etcd-cluster-operator","version":"0.1.6","displayName":"Etcd Cluster Operator","category":{"name":"Orchestration \u0026 Management","metadata":null},"metadata":{"svgColor":"ui/public/static/img/meshmodels/etcd-cluster-operator/color/etcdbackup-color.svg","svgWhite":"ui/public/static/img/meshmodels/etcd-cluster-operator/white/etcdbackup-white.svg"},"duplicates":0},{"name":"external-secrets-operator","version":"0.0.15","displayName":"External Secrets Operator","category":{"name":"Provisioning","metadata":null},"metadata":{"svgColor":"ui/public/static/img/meshmodels/external-secrets-operator/color/externalbackend-color.svg","svgWhite":"ui/public/static/img/meshmodels/external-secrets-operator/white/externalbackend-white.svg"},"duplicates":0},{"name":"flagger","version":"1.29.0","displayName":"Flagger","category":{"name":"App Definition and Development","metadata":null},"metadata":{"svgColor":"ui/public/static/img/meshmodels/flagger/color/alertprovider-color.svg","svgWhite":"ui/public/static/img/meshmodels/flagger/white/alertprovider-white.svg"},"duplicates":0},{"name":"fluent-operator","version":"0.1.0","displayName":"Fluent Operator","category":{"name":"Observability and Analysis","metadata":null},"metadata":{"svgColor":"ui/public/static/img/meshmodels/fluent-operator/color/clusterfilter-color.svg","svgWhite":"ui/public/static/img/meshmodels/fluent-operator/white/clusterfilter-white.svg"},"duplicates":0},{"name":"fluent-operator","version":"2.0.2","displayName":"Fluent Operator","category":{"name":"Observability and Analysis","metadata":null},"metadata":{"svgColor":"ui/public/static/img/meshmodels/fluent-operator/color/clusterfilter-color.svg","svgWhite":"ui/public/static/img/meshmodels/fluent-operator/white/clusterfilter-white.svg"},"duplicates":0},{"name":"fluentbit-operator","version":"0.1.0","displayName":"Fluentbit Operator","category":{"name":"Observability and Analysis","metadata":null},"metadata":{"svgColor":"ui/public/static/img/meshmodels/fluent-operator/color/clusterfilter-color.svg","svgWhite":"ui/public/static/img/meshmodels/fluent-operator/white/clusterfilter-white.svg"},"duplicates":0},{"name":"fluentbit-operator","version":"1.3.0","displayName":"Fluentbit Operator","category":{"name":"Observability and Analysis","metadata":null},"metadata":{"svgColor":"ui/public/static/img/meshmodels/fluent-operator/color/clusterfilter-color.svg","svgWhite":"ui/public/static/img/meshmodels/fluent-operator/white/clusterfilter-white.svg"},"duplicates":0},{"name":"fluentd-operator","version":"0.5.1","displayName":"Fluentd Operator","category":{"name":"Observability and Analysis","metadata":null},"metadata":{"svgColor":"ui/public/static/img/meshmodels/fluent-operator/color/clusterfilter-color.svg","svgWhite":"ui/public/static/img/meshmodels/fluentd-operator/white/fluentdconfig-white.svg"},"duplicates":0},{"name":"gatekeeper","version":"0.6.10","displayName":"OPA Gatekeeper","category":{"name":"Provisioning","metadata":null},"metadata":{"svgColor":"ui/public/static/img/meshmodels/gatekeeper/color/assign-color.svg","svgWhite":"ui/public/static/img/meshmodels/gatekeeper/white/assign-white.svg"},"duplicates":0},{"name":"gatekeeper","version":"3.12.0-beta.0","displayName":"OPA Gatekeeper","category":{"name":"Provisioning","metadata":null},"metadata":{"svgColor":"ui/public/static/img/meshmodels/gatekeeper/color/assign-color.svg","svgWhite":"ui/public/static/img/meshmodels/gatekeeper/white/assign-white.svg"},"duplicates":0},{"name":"github-actions-runner-operator","version":"2.8.0","displayName":"Github Actions Runner Operator","category":{"name":"App Definition and Development","metadata":null},"metadata":{"svgColor":"ui/public/static/img/meshmodels/github-actions-runner-operator/color/githubactionrunner-color.svg","svgWhite":"ui/public/static/img/meshmodels/github-actions-runner-operator/white/githubactionrunner-white.svg"},"duplicates":0},{"name":"github-actions-runners","version":"0.1.2","displayName":"Github Actions Runners","category":{"name":"App Definition and Development","metadata":null},"metadata":{"svgColor":"ui/public/static/img/meshmodels/github-actions-runner-operator/color/githubactionrunner-color.svg","svgWhite":"ui/public/static/img/meshmodels/github-actions-runner-operator/white/githubactionrunner-white.svg"},"duplicates":0},{"name":"gitlab-runner-operator","version":"1.5.0","displayName":"Gitlab Runner Operator","category":{"name":"App Definition and Development","metadata":null},"metadata":{"svgColor":"ui/public/static/img/meshmodels/gitlab-runner-operator/color/runner-color.svg","svgWhite":"ui/public/static/img/meshmodels/gitlab-runner-operator/white/runner-white.svg"},"duplicates":0},{"name":"grafana-operator","version":"2.7.24","displayName":"Grafana Operator","category":{"name":"Observability and Analysis","metadata":null},"metadata":{"svgColor":"ui/public/static/img/meshmodels/grafana-operator/color/grafanadatasource-color.svg","svgWhite":"ui/public/static/img/meshmodels/grafana-operator/white/grafanadatasource-white.svg"},"duplicates":0},{"name":"grafana-operator","version":"2.7.9","displayName":"Grafana Operator","category":{"name":"Observability and Analysis","metadata":null},"metadata":{"svgColor":"ui/public/static/img/meshmodels/grafana-operator/color/grafanadatasource-color.svg","svgWhite":"ui/public/static/img/meshmodels/grafana-operator/white/grafanadatasource-white.svg"},"duplicates":0},{"name":"grafana-ui-server","version":"2022.6.14","displayName":"Grafana UI Server","category":{"name":"Observability and Analysis","metadata":null},"metadata":{"svgColor":"ui/public/static/img/meshmodels/grafana-operator/color/grafanadatasource-color.svg","svgWhite":"ui/public/static/img/meshmodels/grafana-operator/white/grafanadatasource-white.svg"},"duplicates":0},{"name":"harbor-operator","version":"1.5.4","displayName":"Harbor Operator","category":{"name":"Provisioning","metadata":null},"metadata":{"svgColor":"ui/public/static/img/meshmodels/harbor-operator/color/instance-color.svg","svgWhite":"ui/public/static/img/meshmodels/harbor-operator/white/instance-white.svg"},"duplicates":0},{"name":"helm-controller","version":"0.1.1","displayName":"Helm Controller","category":{"name":"App Definition and Development","metadata":null},"metadata":{"svgColor":"ui/public/static/img/meshmodels/helm-controller/color/bucket-color.svg","svgWhite":"ui/public/static/img/meshmodels/helm-controller/white/bucket-white.svg"},"duplicates":0},{"name":"identity-manager","version":"1.0.0","displayName":"Identity Manager","category":{"name":"Provisioning","metadata":null},"metadata":{"svgColor":"ui/public/static/img/meshmodels/identity-manager/color/workloadidentity-color.svg","svgWhite":"ui/public/static/img/meshmodels/identity-manager/white/workloadidentity-white.svg"},"duplicates":0},{"name":"istio-base","version":"1.16.0","displayName":"Istio","category":{"name":"Cloud Native Network","metadata":null},"metadata":{"svgColor":"ui/public/static/img/meshmodels/istio-base/color/authorizationpolicy-color.svg","svgWhite":"ui/public/static/img/meshmodels/istio-base/white/authorizationpolicy-white.svg"},"duplicates":0},{"name":"istio-operator","version":"2.1.2","displayName":"Istio Operator","category":{"name":"Cloud Native Network","metadata":null},"metadata":{"svgColor":"ui/public/static/img/meshmodels/istio-base/color/authorizationpolicy-color.svg","svgWhite":"ui/public/static/img/meshmodels/istio-base/white/authorizationpolicy-white.svg"},"duplicates":0},{"name":"istio-ratelimit-operator","version":"2.9.0","displayName":"Istio Rate Limit Operator","category":{"name":"Cloud Native Network","metadata":null},"metadata":{"svgColor":"ui/public/static/img/meshmodels/istio-base/color/authorizationpolicy-color.svg","svgWhite":"ui/public/static/img/meshmodels/istio-base/white/authorizationpolicy-white.svg"},"duplicates":0},{"name":"jenkins-operator","version":"0.6.2","displayName":"Jenkins Operator","category":{"name":"App Definition and Development","metadata":null},"metadata":{"svgColor":"ui/public/static/img/meshmodels/jenkins-operator/color/jenkins-color.svg","svgWhite":"ui/public/static/img/meshmodels/jenkins-operator/white/jenkins-white.svg"},"duplicates":0},{"name":"jenkins-operator","version":"2.13.2","displayName":"Jenkins Operator","category":{"name":"App Definition and Development","metadata":null},"metadata":{"svgColor":"ui/public/static/img/meshmodels/jenkins-operator/color/jenkins-color.svg","svgWhite":"ui/public/static/img/meshmodels/jenkins-operator/white/jenkins-white.svg"},"duplicates":0},{"name":"jira-service-desk-operator","version":"0.0.50","displayName":"Jira Service Desk Operator","category":{"name":"Tools","metadata":null},"metadata":{"svgColor":"ui/public/static/img/meshmodels/jira-service-desk-operator/color/customer-color.svg","svgWhite":"ui/public/static/img/meshmodels/jira-service-desk-operator/white/customer-white.svg"},"duplicates":0},{"name":"jitsi","version":"2.0.17","displayName":"Jitsi","category":{"name":"Tools","metadata":null},"metadata":{"svgColor":"ui/public/static/img/meshmodels/jitsi/color/addresspool-color.svg","svgWhite":"ui/public/static/img/meshmodels/jitsi/color/addresspool-color.svg"},"duplicates":0},{"name":"karpenter","version":"0.16.3","displayName":"Karpenter","category":{"name":"Provisioning","metadata":null},"metadata":{"svgColor":"ui/public/static/img/meshmodels/karpenter/color/awsnodetemplate-color.svg","svgWhite":"ui/public/static/img/meshmodels/karpenter/white/awsnodetemplate-white.svg"},"duplicates":0},{"name":"katib","version":"2.4.2","displayName":"Kubeflow Katib","category":{"name":"Machine Learning","metadata":null},"metadata":{"svgColor":"ui/public/static/img/meshmodels/katib/color/experiment-color.svg","svgWhite":"ui/public/static/img/meshmodels/katib/white/experiment-white.svg"},"duplicates":0},{"name":"keycloak-operator","version":"0.1.0","displayName":"Keycloak Operator","category":{"name":"Security \u0026 Compliance","metadata":null},"metadata":{"svgColor":"ui/public/static/img/meshmodels/keycloak-operator/color/keycloak-operator-color.svg","svgWhite":"ui/public/static/img/meshmodels/keycloak-operator/color/keycloak-operator-color.svg"},"duplicates":0},{"name":"keycloak-operator","version":"0.1.5","displayName":"Keycloak Operator","category":{"name":"Security \u0026 Compliance","metadata":null},"metadata":{"svgColor":"ui/public/static/img/meshmodels/keycloak-operator/color/keycloak-operator-color.svg","svgWhite":"ui/public/static/img/meshmodels/keycloak-operator/color/keycloak-operator-color.svg"},"duplicates":0},{"name":"keycloak-operator","version":"1.15.0-SNAPSHOT.19","displayName":"Keycloak Operator","category":{"name":"Security \u0026 Compliance","metadata":null},"metadata":{"svgColor":"ui/public/static/img/meshmodels/keycloak-operator/color/keycloak-operator-color.svg","svgWhite":"ui/public/static/img/meshmodels/keycloak-operator/color/keycloak-operator-color.svg"},"duplicates":0},{"name":"kiali-operator","version":"1.65.0","displayName":"Kiali Operator","category":{"name":"Observability and Analysis","metadata":null},"metadata":{"svgColor":"ui/public/static/img/meshmodels/kiali-operator/color/kiali-color.svg","svgWhite":"ui/public/static/img/meshmodels/kiali-operator/white/kiali-white.svg"},"duplicates":0},{"name":"knative","version":"0.4.5","displayName":"Knative","category":{"name":"Serverless","metadata":null},"metadata":{"svgColor":"ui/public/static/img/meshmodels/knative/color/certificate-color.svg","svgWhite":""},"duplicates":0},{"name":"knative","version":"0.5.1","displayName":"Knative","category":{"name":"Serverless","metadata":null},"metadata":{"svgColor":"ui/public/static/img/meshmodels/knative/color/certificate-color.svg","svgWhite":""},"duplicates":0},{"name":"kube-prometheus-stack","version":"45.7.1","displayName":"Kube Prometheus Stack","category":{"name":"Observability and Analysis","metadata":null},"metadata":{"svgColor":"ui/public/static/img/meshmodels/kube-prometheus-stack/color/alertmanager-color.svg","svgWhite":"ui/public/static/img/meshmodels/kube-prometheus-stack/white/alertmanager-white.svg"},"duplicates":0},{"name":"kube-ui-server","version":"2022.6.14","displayName":"Kubernetes UI Server","category":{"name":"Provisioning","metadata":null},"metadata":{"svgColor":"ui/public/static/img/meshmodels/kube-ui-server/color/appbinding-color.svg","svgWhite":"ui/public/static/img/meshmodels/kube-ui-server/white/appbinding-white.svg"},"duplicates":0},{"name":"kubedb-catalog","version":"2023.2.28","displayName":"Kubedb Catalog","category":{"name":"App Definition and Development","metadata":null},"metadata":{"svgColor":"ui/public/static/img/meshmodels/kubedb-catalog/color/elasticsearchversion-color.svg","svgWhite":""},"duplicates":0},{"name":"kubedb-crds","version":"2023.2.28","displayName":"Kubedb CRDs","category":{"name":"App Definition and Development","metadata":null},"metadata":{"svgColor":"ui/public/static/img/meshmodels/kubedb-catalog/color/elasticsearchversion-color.svg","svgWhite":""},"duplicates":0},{"name":"kubedb-ops-manager","version":"0.19.0","displayName":"Kubedb Ops Manager","category":{"name":"App Definition and Development","metadata":null},"metadata":{"svgColor":"ui/public/static/img/meshmodels/kubedb-catalog/color/elasticsearchversion-color.svg","svgWhite":""},"duplicates":0},{"name":"kubedb-opscenter","version":"2023.2.28","displayName":"Kubedb Opscenter","category":{"name":"App Definition and Development","metadata":null},"metadata":{"svgColor":"ui/public/static/img/meshmodels/kubedb-catalog/color/elasticsearchversion-color.svg","svgWhite":""},"duplicates":0},{"name":"kubedb-ui-server","version":"2021.12.21","displayName":"Kubedb UI Server","category":{"name":"App Definition and Development","metadata":null},"metadata":{"svgColor":"ui/public/static/img/meshmodels/kubedb-catalog/color/elasticsearchversion-color.svg","svgWhite":""},"duplicates":0},{"name":"kubeflow","version":"1.6.1","displayName":"Kubeflow","category":{"name":"Machine Learning","metadata":null},"metadata":{"svgColor":"ui/public/static/img/meshmodels/kubeflow/color/authcode-color.svg","svgWhite":"ui/public/static/img/meshmodels/kubeflow/white/authcode-white.svg"},"duplicates":0},{"name":"kubernetes","version":"v1.25.4","displayName":"Kubernetes","category":{"name":"Orchestration \u0026 Management","metadata":null},"metadata":{"svgColor":"ui/public/static/img/meshmodels/kubernetes/color/apiservice-color.svg","svgWhite":"ui/public/static/img/meshmodels/kubernetes/white/apiservice-white.svg"},"duplicates":0},{"name":"kubernetes","version":"v1.25.2","displayName":"Kubernetes","category":{"name":"Orchestration \u0026 Management","metadata":null},"metadata":{"svgColor":"ui/public/static/img/meshmodels/kubernetes/color/apiservice-color.svg","svgWhite":"ui/public/static/img/meshmodels/kubernetes/white/apiservice-white.svg"},"duplicates":1},{"name":"kubevault","version":"2023.3.3","displayName":"Kubevault","category":{"name":"Security \u0026 Compliance","metadata":null},"metadata":{"svgColor":"ui/public/static/img/meshmodels/kubevault/color/awsrole-color.svg","svgWhite":"ui/public/static/img/meshmodels/kubevault/white/awsrole-white.svg"},"duplicates":0},{"name":"kubevault-catalog","version":"2023.3.3","displayName":"Kubevault Catalog","category":{"name":"Security \u0026 Compliance","metadata":null},"metadata":{"svgColor":"ui/public/static/img/meshmodels/kubevault/color/awsrole-color.svg","svgWhite":"ui/public/static/img/meshmodels/kubevault/white/awsrole-white.svg"},"duplicates":0},{"name":"kubevault-crds","version":"2023.3.3","displayName":"Kubevault Crds","category":{"name":"Security \u0026 Compliance","metadata":null},"metadata":{"svgColor":"ui/public/static/img/meshmodels/kubevault/color/awsrole-color.svg","svgWhite":"ui/public/static/img/meshmodels/kubevault/white/awsrole-white.svg"},"duplicates":0},{"name":"kubevault-operator","version":"0.14.0","displayName":"Kubevault Operator","category":{"name":"Security \u0026 Compliance","metadata":null},"metadata":{"svgColor":"ui/public/static/img/meshmodels/kubevault/color/awsrole-color.svg","svgWhite":"ui/public/static/img/meshmodels/kubevault/white/awsrole-white.svg"},"duplicates":0},{"name":"kuma","version":"2.1.1","displayName":"Kuma","category":{"name":"Cloud Native Network","metadata":null},"metadata":{"svgColor":"ui/public/static/img/meshmodels/kuma/color/circuitbreaker-color.svg","svgWhite":"ui/public/static/img/meshmodels/kuma/white/circuitbreaker-white.svg"},"duplicates":0},{"name":"kusk-gateway","version":"0.0.65","displayName":"Kusk Gateway","category":{"name":"Orchestration \u0026 Management","metadata":null},"metadata":{"svgColor":"ui/public/static/img/meshmodels/kusk-gateway/color/api-color.svg","svgWhite":"ui/public/static/img/meshmodels/kusk-gateway/white/api-white.svg"},"duplicates":0},{"name":"kyverno-monitor","version":"0.1.2","displayName":"Kyverno Monitor","category":{"name":"Provisioning","metadata":null},"metadata":{"svgColor":"ui/public/static/img/meshmodels/kyverno-monitor/color/kyvernomonitor-color.svg","svgWhite":"ui/public/static/img/meshmodels/kyverno-monitor/white/kyvernomonitor-white.svg"},"duplicates":0},{"name":"litmus-core","version":"2.14.0","displayName":"Litmus Chaos","category":{"name":"Observability and Analysis","metadata":null},"metadata":{"svgColor":"ui/public/static/img/meshmodels/litmus-core/color/chaosengine-color.svg","svgWhite":"ui/public/static/img/meshmodels/litmus-core/white/chaosengine-white.svg"},"duplicates":0},{"name":"mattermost-operator","version":"0.3.3","displayName":"Mattermost Operator","category":{"name":"Tools","metadata":null},"metadata":{"svgColor":"ui/public/static/img/meshmodels/mattermost-operator/color/clusterinstallation-color.svg","svgWhite":"ui/public/static/img/meshmodels/mattermost-operator/white/clusterinstallation-white.svg"},"duplicates":0},{"name":"meshery","version":"0.6.65","displayName":"meshery","category":{"name":"Uncategorized","metadata":null},"metadata":{"svgColor":"","svgWhite":""},"duplicates":0},{"name":"meshery","version":"0.6.66","displayName":"meshery","category":{"name":"Uncategorized","metadata":null},"metadata":{"svgColor":"","svgWhite":""},"duplicates":0},{"name":"meshery","version":"v1.0.0","displayName":"meshery","category":{"name":"Uncategorized","metadata":null},"metadata":{"svgColor":"","svgWhite":""},"duplicates":0},{"name":"minio-operator","version":"4.3.7","displayName":"MinIO Operator","category":{"name":"App Definition and Development","metadata":null},"metadata":{"svgColor":"ui/public/static/img/meshmodels/minio-operator/color/tenant-color.svg","svgWhite":"ui/public/static/img/meshmodels/minio-operator/white/tenant-white.svg"},"duplicates":0},{"name":"mpi-operator","version":"1.2.2","displayName":"Kubeflow MPI Operator","category":{"name":"Machine Learning","metadata":null},"metadata":{"svgColor":"ui/public/static/img/meshmodels/mpi-operator/color/mpijob-color.svg","svgWhite":"ui/public/static/img/meshmodels/mpi-operator/white/mpijob-white.svg"},"duplicates":0},{"name":"mysql-operator","version":"0.6.2999","displayName":"MySQL Operator","category":{"name":"App Definition and Development","metadata":null},"metadata":{"svgColor":"ui/public/static/img/meshmodels/mysql-operator/color/mysqlbackup-color.svg","svgWhite":"ui/public/static/img/meshmodels/mysql-operator/white/mysqlbackup-white.svg"},"duplicates":0},{"name":"mysql-operator","version":"2.0.8","displayName":"MySQL Operator","category":{"name":"App Definition and Development","metadata":null},"metadata":{"svgColor":"ui/public/static/img/meshmodels/mysql-operator/color/mysqlbackup-color.svg","svgWhite":"ui/public/static/img/meshmodels/mysql-operator/white/mysqlbackup-white.svg"},"duplicates":0},{"name":"nats-operator","version":"0.8.3","displayName":"NATS Operator","category":{"name":"App Definition and Development","metadata":null},"metadata":{"svgColor":"ui/public/static/img/meshmodels/nats-operator/color/natscluster-color.svg","svgWhite":"ui/public/static/img/meshmodels/nats-operator/white/natscluster-white.svg"},"duplicates":0},{"name":"nginx-ingress","version":"0.16.2","displayName":"NGINX Ingress Controller","category":{"name":"Cloud Native Network","metadata":null},"metadata":{"svgColor":"ui/public/static/img/meshmodels/nginx-ingress/color/apdoslogconf-color.svg","svgWhite":"ui/public/static/img/meshmodels/nginx-ingress/white/apdoslogconf-white.svg"},"duplicates":0},{"name":"nginx-service-mesh","version":"0.7.0","displayName":"NGINX Service Mesh","category":{"name":"Cloud Native Network","metadata":null},"metadata":{"svgColor":"ui/public/static/img/meshmodels/nginx-service-mesh/color/circuitbreaker-color.svg","svgWhite":"ui/public/static/img/meshmodels/nginx-service-mesh/white/circuitbreaker-white.svg"},"duplicates":0},{"name":"openebs","version":"3.5.0","displayName":"OpenEBS","category":{"name":"Cloud Native Storage","metadata":null},"metadata":{"svgColor":"ui/public/static/img/meshmodels/openebs/color/blockdevice-color.svg","svgWhite":"ui/public/static/img/meshmodels/openebs/white/blockdevice-white.svg"},"duplicates":0},{"name":"pg-db","version":"1.1.0","displayName":"Postgres Database (CrunchyData)","category":{"name":"App Definition and Development","metadata":null},"metadata":{"svgColor":"ui/public/static/img/meshmodels/kubedb-crds/color/pgbounceropsrequest-color.svg","svgWhite":"ui/public/static/img/meshmodels/kubedb-crds/white/pgbounceropsrequest-white.svg"},"duplicates":0},{"name":"pgo","version":"5.3.1","displayName":"PGO (CrunchyData)","category":{"name":"App Definition and Development","metadata":null},"metadata":{"svgColor":"ui/public/static/img/meshmodels/kubedb-crds/color/pgbounceropsrequest-color.svg","svgWhite":"ui/public/static/img/meshmodels/kubedb-crds/white/pgbounceropsrequest-white.svg"},"duplicates":0},{"name":"porter","version":"0.2.2","displayName":"Porter","category":{"name":"App Definition and Development","metadata":null},"metadata":{"svgColor":"ui/public/static/img/meshmodels/porter/color/bgpconf-color.svg","svgWhite":"ui/public/static/img/meshmodels/porter/white/bgpconf-white.svg"},"duplicates":0},{"name":"postgres-controller","version":"1.3.6","displayName":"Postgres Controller","category":{"name":"App Definition and Development","metadata":null},"metadata":{"svgColor":"ui/public/static/img/meshmodels/kubedb-crds/color/pgbounceropsrequest-color.svg","svgWhite":"ui/public/static/img/meshmodels/kubedb-crds/white/pgbounceropsrequest-white.svg"},"duplicates":0},{"name":"postgres-operator","version":"1.7.1","displayName":"Postgres Operator","category":{"name":"App Definition and Development","metadata":null},"metadata":{"svgColor":"ui/public/static/img/meshmodels/kubedb-crds/color/pgbounceropsrequest-color.svg","svgWhite":"ui/public/static/img/meshmodels/kubedb-crds/white/pgbounceropsrequest-white.svg"},"duplicates":0},{"name":"postgres-with-operator","version":"0.1.0","displayName":"Postgres With Operator","category":{"name":"App Definition and Development","metadata":null},"metadata":{"svgColor":"ui/public/static/img/meshmodels/postgres-with-operator/color/postgres-with-operator-color.svg","svgWhite":"ui/public/static/img/meshmodels/kubedb-crds/white/pgbounceropsrequest-white.svg"},"duplicates":0},{"name":"ps-db","version":"0.4.0","displayName":"Percona Server for MySQL","category":{"name":"App Definition and Development","metadata":null},"metadata":{"svgColor":"ui/public/static/img/meshmodels/ps-db/color/perconaservermysql-color.svg","svgWhite":"ui/public/static/img/meshmodels/ps-db/white/perconaservermysql-white.svg"},"duplicates":0},{"name":"ps-operator","version":"0.4.0","displayName":"Percona Operator for MySQL","category":{"name":"App Definition and Development","metadata":null},"metadata":{"svgColor":"ui/public/static/img/meshmodels/ps-db/color/perconaservermysql-color.svg","svgWhite":"ui/public/static/img/meshmodels/ps-db/white/perconaservermysql-white.svg"},"duplicates":0},{"name":"psmdb-operator","version":"1.14.1","displayName":"Percona Operator for MongoDB","category":{"name":"App Definition and Development","metadata":null},"metadata":{"svgColor":"ui/public/static/img/meshmodels/ps-db/color/perconaservermysql-color.svg","svgWhite":"ui/public/static/img/meshmodels/ps-db/white/perconaservermysql-white.svg"},"duplicates":0},{"name":"pulsar-operator","version":"0.15.0","displayName":"Pulsar Operator","category":{"name":"App Definition and Development","metadata":null},"metadata":{"svgColor":"ui/public/static/img/meshmodels/pulsar-operator/color/bookkeepercluster-color.svg","svgWhite":"ui/public/static/img/meshmodels/pulsar-operator/white/bookkeepercluster-white.svg"},"duplicates":0},{"name":"pulsar-resources-operator","version":"0.2.1","displayName":"Pulsar Resources Operator","category":{"name":"App Definition and Development","metadata":null},"metadata":{"svgColor":"ui/public/static/img/meshmodels/pulsar-operator/color/bookkeepercluster-color.svg","svgWhite":"ui/public/static/img/meshmodels/pulsar-operator/white/bookkeepercluster-white.svg"},"duplicates":0},{"name":"rabbitmq-cluster-operator","version":"3.2.7","displayName":"RabbitMQ Cluster Operator","category":{"name":"App Definition and Development","metadata":null},"metadata":{"svgColor":"ui/public/static/img/meshmodels/rabbitmq-cluster-operator/color/binding-color.svg","svgWhite":""},"duplicates":0},{"name":"rabbitmq-operator","version":"0.0.3","displayName":"RabbitMQ Operator","category":{"name":"App Definition and Development","metadata":null},"metadata":{"svgColor":"ui/public/static/img/meshmodels/rabbitmq-cluster-operator/color/binding-color.svg","svgWhite":""},"duplicates":0},{"name":"spire","version":"0.12.2","displayName":"SPIRE","category":{"name":"Security \u0026 Compliance","metadata":null},"metadata":{"svgColor":"ui/public/static/img/meshmodels/identity-manager/color/workloadidentity-color.svg","svgWhite":"ui/public/static/img/meshmodels/identity-manager/white/workloadidentity-white.svg"},"duplicates":0},{"name":"stackgres-operator","version":"1.4.3","displayName":"Stackgres Operator","category":{"name":"App Definition and Development","metadata":null},"metadata":{"svgColor":"ui/public/static/img/meshmodels/stackgres-operator/color/sgbackup-color.svg","svgWhite":"ui/public/static/img/meshmodels/stackgres-operator/white/sgbackup-white.svg"},"duplicates":0},{"name":"terraform","version":"1.1.2","displayName":"Terraform","category":{"name":"Provisioning","metadata":null},"metadata":{"svgColor":"ui/public/static/img/meshmodels/terraform/color/workspace-color.svg","svgWhite":"ui/public/static/img/meshmodels/terraform/white/workspace-white.svg"},"duplicates":0},{"name":"trickster","version":"2022.6.14","displayName":"Trickster","category":{"name":"Observability and Analysis","metadata":null},"metadata":{"svgColor":"ui/public/static/img/meshmodels/trickster/color/trickster-color.svg","svgWhite":"ui/public/static/img/meshmodels/trickster/white/trickster-white.svg"},"duplicates":0},{"name":"kubernetes","version":"v1.25.2","displayName":"Kubernetes","category":{"name":"Orchestration \u0026 Management","metadata":null},"metadata":{},"duplicates":1},{"name":"kubernetes","version":"v1.27.3","displayName":"Kubernetes","category":{"name":"Orchestration \u0026 Management","metadata":null},"metadata":{},"duplicates":0}]}
