http://localhost:9081/api/user/performance/profiles?pagesize=25&page=0
No Performance Profiles to display
