http://localhost:9081/api/user/performance/profiles?pagesize=25&page=0
Output format choice is invalid, use [json|yaml]
