failed to unmarshal response body: json: cannot unmarshal string into Go struct field PerformanceProfilesAPIResponse.page_size of type uint