Post "http://localhost:9081/api/experimental/application": no responder found