Current context: local2

Available contexts:

- local
- local2
