[H[2J[3J[90;47;1mTotal number of models: 41[0;0;22m
