init command will be here soon
model name = aws-ec2-controller
path = .
version = 0.1.0
output format = json
