Creating new Meshery model: aws-dynamodb-controller
Creating directory structure...
Generating model definition...
Adding sample components...
Creating sample relationships...
Adding sample connections...
Creating sample credentials...
Created aws-dynamodb-controller model at ./aws-dynamodb-controller

Next steps:
1. cd ./aws-dynamodb-controller
2. Edit model.yaml to customize your model configuration
3. Add your components in the components/ directory
4. Define relationships in relationships/ directory
5. Add your connections in the connections/ directory
6. Define credentials in credentials/ directory
7. Use 'mesheryctl model build' to package your model

To import this model into Meshery:
$ mesheryctl model import ./aws-dynamodb-controller

To export this model as OCI image:
$ mesheryctl model build ./aws-dynamodb-controller/v0.1.0 -t myregistry/aws-dynamodb-controller:v0.1.0

Detailed guide: https://docs.meshery.io/guides/creating-new-model-with-mesheryctl
