<!DOCTYPE html><html lang="en" dir="ltr"><head><meta charSet="utf-8"/><link rel="icon" href="/provider/static/favicon.ico"/><meta charSet="utf-8"/><meta name="viewport" content="width=device-width"/><meta name="next-head-count" content="2"/><noscript data-n-css=""></noscript><script defer="" nomodule="" src="/provider/_next/static/chunks/polyfills-a54b4f32bdc1ef890ddd.js"></script><script src="/provider/_next/static/chunks/webpack-8b43d012b7ce35399165.js" defer=""></script><script src="/provider/_next/static/chunks/framework-2191d16384373197bc0a.js" defer=""></script><script src="/provider/_next/static/chunks/main-6cb8938642b0246fffea.js" defer=""></script><script src="/provider/_next/static/chunks/pages/_app-7ef8cde45db8608cc436.js" defer=""></script><script src="/provider/_next/static/chunks/292-0435b6c1cc0b6e1dac5b.js" defer=""></script><script src="/provider/_next/static/chunks/pages/index-27da86672e539204a444.js" defer=""></script><script src="/provider/_next/static/NZXkctaMM6zsS7y8Ui4KC/_buildManifest.js" defer=""></script><script src="/provider/_next/static/NZXkctaMM6zsS7y8Ui4KC/_ssgManifest.js" defer=""></script><style id="jss-server-side"></style></head><body><div id="__next"></div><script id="__NEXT_DATA__" type="application/json">{"props":{"pageProps":{}},"page":"/","query":{},"buildId":"NZXkctaMM6zsS7y8Ui4KC","assetPrefix":"/provider","nextExport":true,"isFallback":false,"appGip":true,"scriptLoader":[]}</script></body></html>