Test Name not provided
Using random test name: kxxsbaps
No profile name provided
