[ Spreadsheet ID | Spreadsheet Credentials ] aren't specified

Usage: --spreadsheet-id [Spreadsheet ID] --spreadsheet-cred $CRED
Run 'mesheryctl exp relationship generate --help' to see detailed help message
See https://docs.meshery.io/reference/mesheryctl/relationships/generate for usage details
