PATTERN ID	USER ID                             	NAME           	CREATED  	UPDATED   
3817ec9a  	990f779c-708d-4396-84b8-e2ba37c1adcc	Untitled Design	7-30-2021	7-30-2021	
0af0b4b0  	2540d988-4ae2-44ff-8688-2301be1ca87a	Untitled Design	7-30-2021	7-30-2021	
a7236994  	2540d988-4ae2-44ff-8688-2301be1ca87a	Untitled Design	7-30-2021	7-30-2021	
7c89d94e  	f76b761f-2adb-406a-b291-4ddbbd44f0c1	Untitled Design	7-30-2021	7-30-2021	
e47c3c76  	2540d988-4ae2-44ff-8688-2301be1ca87a	Untitled Design	7-30-2021	7-30-2021	
ecd1b220  	2540d988-4ae2-44ff-8688-2301be1ca87a	Untitled Design	7-30-2021	7-30-2021	
41f81b3d  	2540d988-4ae2-44ff-8688-2301be1ca87a	Untitled Design	7-30-2021	7-30-2021	
e793dfc9  	2540d988-4ae2-44ff-8688-2301be1ca87a	Untitled Design	7-30-2021	7-30-2021	
ef074b5c  	2540d988-4ae2-44ff-8688-2301be1ca87a	Untitled Design	7-30-2021	7-30-2021	
2606d710  	2540d988-4ae2-44ff-8688-2301be1ca87a	Untitled Design	7-30-2021	7-30-2021	

    TOTAL                     343                                                            

