saved pattern file
pattern successfully applied
successfully deployed application meshapp
