NAME                 	MESH   	QPS	DURATION	P50        	P99.9      	START-TIME          
kuma_1629905088843   	kuma   	16 	20s     	15.90067100	19.92294300	2021-08-25 15:24:49	
kuma_1629052217134   	kuma   	0  	10s     	0.48000000 	0.60570702 	2021-08-16 00:00:32	
kuma_1629042541705   	kuma   	0  	10s     	0.07000000 	0.13160479 	2021-08-15 15:49:06	
kuma_1628885992715   	kuma   	0  	10s     	0.51397145 	0.56974546 	2021-08-13 20:19:54	
kuma_1628770906919   	kuma   	0  	10s     	0.55507935 	0.60932765 	2021-08-12 17:51:51	
kuma_1628769771169   	kuma   	0  	10s     	0.53219717 	0.55318843 	2021-08-12 17:32:53	
kuma_1628769528950   	kuma   	1  	30s     	0.18250000 	0.21019034 	2021-08-12 17:28:50	
kuma_1628769108130   	kuma   	1  	30s     	0.19000000 	0.49138024 	2021-08-12 17:21:50	
kuma_1628693199333   	kuma   	1  	30s     	0.24350300 	1.05162484 	2021-08-11 14:46:41	
kuma_1628586397398   	kuma   	0  	10s     	0.62500000 	0.91064485 	2021-08-10 14:38:22	
kuma_1628586397398   	kuma   	0  	10s     	0.65714286 	0.78396274 	2021-08-10 14:37:30	
kuma_1628586397398   	kuma   	0  	30s     	0.67246289 	1.06008629 	2021-08-10 14:36:38	
kuma_1628585917997   	kuma   	0  	30s     	0.67000000 	1.16831048 	2021-08-10 14:28:38	
kuma_1628585664908   	kuma   	0  	30s     	0.66363636 	1.63850048 	2021-08-10 14:24:25	
kuma_1628585552314   	kuma   	1  	30s     	0.22500000 	0.58043502 	2021-08-10 14:22:33	
kuma_1628585358110   	kuma   	1  	30s     	0.22571429 	0.30456288 	2021-08-10 14:19:19	
kuma_1628526525515   	kuma   	0  	10s     	0.30000000 	0.39680744 	2021-08-09 21:58:50	
kuma_1628525768239   	kuma   	1  	30s     	0.34117647 	3.00179223 	2021-08-09 21:46:10	
kuma_1628522653770   	kuma   	0  	30s     	0.85882353 	3.00561803 	2021-08-09 20:54:16	
No mesh_1621980320369	No Mesh	31 	1m0s    	0.15713699 	1.01648214 	2021-05-25 22:05:21	
No mesh_1621980203932	No Mesh	7  	1m0s    	0.13421367 	0.20848358 	2021-05-25 22:03:24	
No mesh_1621980097911	No Mesh	31 	1m0s    	0.15776819 	0.30050571 	2021-05-25 22:01:38	
No mesh_1621899687113	No Mesh	34 	1m0s    	0.02802092 	0.08464500 	2021-05-24 23:41:27	
No mesh_1621899529067	No Mesh	66 	1m0s    	0.07256579 	0.15997692 	2021-05-24 23:38:49	
No mesh_1621899198278	No Mesh	33 	1m0s    	0.02890055 	0.09506000 	2021-05-24 23:33:18	
