NAME                 	MESH   	QPS	DURATION	P50       	P99.9     	START-TIME          
No mesh_1629812585899	No Mesh	0  	5s      	0.09250000	0.10214840	2021-08-24 21:43:05	
No mesh_1629812560411	No Mesh	0  	5s      	0.13500000	1.39575628	2021-08-24 21:42:40	
No mesh_1629785430145	No Mesh	0  	5s      	2.19691819	2.78649125	2021-08-24 11:40:32	
No mesh_1629699211991	No Mesh	0  	5s      	0.33750000	0.52411960	2021-08-23 14:15:48	
No mesh_1629699211991	No Mesh	0  	5s      	0.28750000	0.50936046	2021-08-23 14:15:35	
No mesh_1629699211991	No Mesh	0  	5s      	0.27500000	0.51726226	2021-08-23 14:15:21	
No mesh_1629699211991	No Mesh	0  	5s      	0.29629210	0.53304395	2021-08-23 14:14:57	
No mesh_1629699211991	No Mesh	0  	5s      	0.28750000	0.48963005	2021-08-23 14:13:32	
No mesh_1629698942959	No Mesh	0  	5s      	0.37500000	0.50520077	2021-08-23 14:13:21	
No mesh_1629698942959	No Mesh	0  	5s      	0.33750000	0.49744419	2021-08-23 14:13:13	
No mesh_1629698942959	No Mesh	0  	5s      	0.26250000	0.36442740	2021-08-23 14:12:58	
No mesh_1629698942959	No Mesh	0  	5s      	0.32500000	1.18172411	2021-08-23 14:09:03	
No mesh_1629698569178	No Mesh	0  	5s      	0.27500000	0.30655188	2021-08-23 14:04:44	
No mesh_1629698569178	No Mesh	0  	5s      	0.19000000	0.49505549	2021-08-23 14:02:49	
No mesh_1629698394148	No Mesh	0  	5s      	0.27500000	0.38571035	2021-08-23 14:00:09	
No mesh_1629698394148	No Mesh	0  	5s      	0.27500000	0.30829651	2021-08-23 13:59:54	
No mesh_1629698175185	No Mesh	0  	5s      	0.26250000	0.57718762	2021-08-23 13:56:28	
No mesh_1629698175185	No Mesh	0  	5s      	0.32500000	0.49143140	2021-08-23 13:56:15	
No mesh_1629698155006	No Mesh	0  	5s      	0.36250000	0.50173349	2021-08-23 13:55:55	
No mesh_1629698005584	No Mesh	0  	5s      	0.17635277	0.50121917	2021-08-23 13:53:43	
No mesh_1629698005584	No Mesh	0  	5s      	0.37500000	0.50493739	2021-08-23 13:53:25	
No mesh_1629697953489	No Mesh	0  	5s      	0.31250000	0.49219606	2021-08-23 13:52:48	
No mesh_1629697953489	No Mesh	0  	5s      	0.26250000	0.30010388	2021-08-23 13:52:33	
No mesh_1629696817214	No Mesh	0  	5s      	0.17000000	0.57822183	2021-08-23 13:33:37	
No mesh_1629696754740	No Mesh	0  	5s      	0.30422145	0.32528649	2021-08-23 13:33:26	
