'test-invalid-subcommand' is an invalid command. Use 'mesheryctl org --help' to display usage guide