downloading manifest files from https://github.com/meshery/meshery/tree/v0.6.138/install/deployment_yamls/k8s