design applied
successfully deployed application myapp
