design applied
successfully deployed application meshapp
