design file converted to design
design offboarded
successfully deleted application myapp
