design file saved
design onboarded
successfully deployed application myapp
