contexts:
  gke:
    components:
    - meshery-istio
    channel: stable
    endpoint: http://localhost:9081
    platform: gke
    token: Default
    version: v0.4.2
  local:
    components:
    - meshery-istio
    channel: stable
    endpoint: http://localhost:9081
    platform: docker
    token: Default
    version: v0.5.10
  local2:
    endpoint: http://localhost:44444
    token: Default
    platform: kubernetes
    components:
    - meshery-istio
    channel: stable
    version: v0.5.10
current-context: local
tokens:
- location: auth.json
  name: Default
