Meshery resetting...

Current Context: local
Channel: stable
Version: v0.5.10
Platform: docker

Fetching default docker-compose file as per current-context: local...

Fetching Meshery Operator manifests...

...Meshery config (meshery.yaml) now reset to default settings.
