Actual Response:
----------------
Meshery resetting...

Current Context: local
Channel: stable
Version: latest
Platform: kubernetes

Fetching Meshery Server and Meshery Operator manifests for local context...
downloading manifest files from https://github.com/mesh
