Total number of relationships:4
Page: 1
Press Enter or â†“ to continue. Press Esc or Ctrl+C to exit.
  KIND  APIVERSION                         MODEL-NAME  SUBTYPE  REGOQUERY  
  edge  relationships.meshery.io/v1alpha3  Ambassador  binding             
  edge  relationships.meshery.io/v1alpha3  Ambassador  binding             
  edge  relationships.meshery.io/v1alpha3  Ambassador  binding             
  edge  relationships.meshery.io/v1alpha3  Ambassador  binding     