[90;47;1mNo environments found[0;0;22m
[H[2J[3J

  [1mID[0m  [1mNAME[0m  [1mORGANIZATION ID[0m  [1mDESCRIPTION[0m  [1mCREATED AT[0m  [1mUPDATED AT[0m  
